# Alpine apk package name -> nixpkgs pkg-path mapping
# Format: apk_name<TAB>nixpkgs_path<TAB>notes (optional)

# Build tools
build-base	gcc	also install gnumake and binutils
gcc	gcc
g++	gcc
make	gnumake
cmake	cmake
autoconf	autoconf
automake	automake
libtool	libtool
pkgconf	pkg-config
patch	patch
ninja	ninja

# Core utilities
curl	curl
wget	wget
git	git
bash	bash
coreutils	coreutils
findutils	findutils
grep	gnugrep
sed	gnused
gawk	gawk
tar	gnutar
xz	xz
bzip2	bzip2
unzip	unzip
zip	zip
file	file
jq	jq
yq	yq
tree	tree
rsync	rsync
socat	socat
netcat-openbsd	netcat-gnu

# Networking and security
ca-certificates	cacert
openssl	openssl
openssl-dev	openssl
gnupg	gnupg
openssh	openssh
openssh-client	openssh

# Python
python3	python3
python3-dev	python3
py3-pip	python313Packages.pip
py3-setuptools	python313Packages.setuptools
py3-wheel	python313Packages.wheel

# Node.js
nodejs	nodejs
npm	nodejs
yarn	yarn

# Ruby
ruby	ruby
ruby-dev	ruby

# Go
go	go

# Database clients
postgresql-client	postgresql
postgresql-dev	postgresql
mysql-client	mariadb
mariadb-client	mariadb
mariadb-dev	mariadb
redis	redis
sqlite	sqlite
sqlite-dev	sqlite

# Common libraries
zlib-dev	zlib
readline-dev	readline
ncurses-dev	ncurses
libffi-dev	libffi
libxml2-dev	libxml2
libxslt-dev	libxslt
yaml-dev	libyaml
curl-dev	curl
jpeg-dev	libjpeg
libpng-dev	libpng
freetype-dev	freetype
fontconfig-dev	fontconfig
cairo-dev	cairo
pango-dev	pango
imagemagick-dev	imagemagick
pcre-dev	pcre
pcre2-dev	pcre2
lz4-dev	lz4
zstd-dev	zstd
libsodium-dev	libsodium
protobuf-dev	protobuf
protoc	protobuf
libuv-dev	libuv
linux-headers	linuxHeaders

# Time/locale
tzdata	tzdata

# Misc
graphviz	graphviz
ffmpeg	ffmpeg
imagemagick	imagemagick
