# apt/dpkg package name -> nixpkgs pkg-path mapping
# Format: apt_name<TAB>nixpkgs_path<TAB>notes (optional)
# Lines starting with # are comments
# This table covers the most common packages found in Dockerfiles

# Build essentials
build-essential	gcc	also install gnumake and binutils
gcc	gcc
g++	gcc
gfortran	gfortran	Fortran compiler
make	gnumake
cmake	cmake
automake	automake
autoconf	autoconf
libtool	libtool
pkg-config	pkg-config
binutils	binutils
bubblewrap	bubblewrap
patch	patch
bison	bison
flex	flex
ninja-build	ninja

# Core utilities
curl	curl
wget	wget
git	git
unzip	unzip
zip	zip
tar	gnutar
gzip	gzip
bzip2	bzip2
xz-utils	xz
file	file
less	less
vim	vim
nano	nano
tree	tree
jq	jq
yq	yq
htop	htop
ncurses-bin	ncurses
rsync	rsync
socat	socat
netcat-openbsd	netcat-gnu

# Networking and security
ca-certificates	cacert
openssl	openssl
libssl-dev	openssl
gnupg	gnupg
gnupg2	gnupg
dirmngr	gnupg
openssh-client	openssh
openssh-server	openssh
espeak-ng	espeak-ng
git-lfs	git-lfs

# Python
python3	python3
python3-dev	python3
python3-pip	python313Packages.pip
python3-venv	python3
python3-setuptools	python313Packages.setuptools
python3-wheel	python313Packages.wheel
python-is-python3	python3

# Node.js
nodejs	nodejs
npm	nodejs

# Ruby
ruby	ruby
ruby-dev	ruby
ruby-full	ruby

# Go
golang	go

# Rust
rustc	rustc
cargo	cargo

# Java
default-jdk	jdk
default-jre	jre
openjdk-17-jdk	jdk17
openjdk-17-jre	jre17
openjdk-21-jdk	jdk21
openjdk-21-jre	jre21

# Database clients and libraries
libpq-dev	postgresql
libpq5	postgresql
postgresql-client	postgresql
default-libmysqlclient-dev	libmysqlclient
libmysqlclient-dev	libmysqlclient
mariadb-client	mariadb
default-mysql-client	mariadb
redis-tools	redis
sqlite3	sqlite
libsqlite3-dev	sqlite

# Common libraries
zlib1g-dev	zlib
libz-dev	zlib
libbz2-dev	bzip2
libreadline-dev	readline
libncurses5-dev	ncurses
libncursesw5-dev	ncurses
libffi-dev	libffi
libxml2-dev	libxml2
libxml2	libxml2
libxslt1-dev	libxslt
libyaml-dev	libyaml
libsm6	libSM	X Session Management Library
libxext6	libXext	X11 common extensions
libcurl4-openssl-dev	curl
libgmp-dev	gmp
libjpeg-dev	libjpeg
libpng-dev	libpng
libfreetype6-dev	freetype
libfontconfig1-dev	fontconfig
libcairo2-dev	cairo
libpango1.0-dev	pango
librsvg2-dev	librsvg
libmagickwand-dev	imagemagick
libpcre3-dev	pcre
libpcre2-dev	pcre2
liblzma-dev	xz
libzstd-dev	zstd
libsodium-dev	libsodium
libprotobuf-dev	protobuf
protobuf-compiler	protobuf
libgrpc-dev	grpc
libev-dev	libev
libuv1-dev	libuv

# System libraries
libc6-dev	glibc
linux-headers-generic	linuxHeaders
libsystemd-dev	systemd

# Network tools
iproute2	iproute2
iputils-ping	iputils
net-tools	nettools
dnsutils	dnsutils
tcpdump	tcpdump
nmap	nmap
traceroute	traceroute
telnet	telnet
netcat	netcat-gnu
ncat	nmap
iptables	iptables
bridge-utils	bridge-utils

# Diagnostics and system tools
procps	procps
sysstat	sysstat
strace	strace
ltrace	ltrace
lsof	lsof
gdb	gdb
valgrind	valgrind
perf-tools-unstable	linuxPackages.perf
cron	cron
logrotate	logrotate
supervisor	python313Packages.supervisor

# Version control
mercurial	mercurial
subversion	subversion
bzr	breezy

# Build tools (additional)
meson	meson
scons	scons
nasm	nasm
yasm	yasm
gettext	gettext
texinfo	texinfo
doxygen	doxygen
swig	swig
ccache	ccache
distcc	distcc

# Image libraries
libwebp-dev	libwebp
libtiff-dev	libtiff
libtiff5-dev	libtiff
libgif-dev	giflib
libopenjp2-7-dev	openjpeg
libheif-dev	libheif

# Math / science libraries
libopenblas-dev	openblas
liblapack-dev	lapack
libhdf5-dev	hdf5
libgsl-dev	gsl
libfftw3-dev	fftw

# Data / messaging libraries
librdkafka-dev	rdkafka
libzmq3-dev	zeromq
librabbitmq-dev	rabbitmq-c
libsnappy-dev	snappy
liblz4-dev	lz4

# GLib / GObject / GTK ecosystem
libglib2.0-dev	glib
libgobject-introspection-dev	gobject-introspection
libgirepository1.0-dev	gobject-introspection
libgtk-3-dev	gtk3
libgtk-4-dev	gtk4

# Networking libraries
libssh-dev	libssh
libssh2-1-dev	libssh2
libgit2-dev	libgit2
libevent-dev	libevent
libnghttp2-dev	nghttp2
libldap2-dev	openldap
libsasl2-dev	cyrus_sasl

# Multimedia
libavcodec-dev	ffmpeg
libavformat-dev	ffmpeg
libavutil-dev	ffmpeg
libswscale-dev	ffmpeg
libv4l-dev	v4l-utils
libasound2-dev	alsa-lib
libpulse-dev	libpulseaudio
libopus-dev	libopus
libvorbis-dev	libvorbis
libflac-dev	flac

# Database libraries (additional)
libmongoc-dev	mongoc
libbson-dev	mongoc
libcassandra-dev	cassandra-cpp-driver

# Serialization / IPC
libflatbuffers-dev	flatbuffers
libmsgpack-dev	msgpack
libcapnp-dev	capnproto
libthrift-dev	thrift

# Infrastructure / cloud CLIs
awscli	awscli2
aws-cli	awscli2
google-cloud-sdk	google-cloud-sdk
google-cloud-cli	google-cloud-sdk
kubectl	kubectl
terraform	terraform
helm	kubernetes-helm
docker-ce-cli	docker-client
docker-cli	docker-client
ansible	ansible
vault	vault
consul	consul
packer	packer
pulumi	pulumi

# Time/locale
tzdata	tzdata
locales	glibcLocales

# Editors / pagers (vim and less already in Core utilities above)
vim-tiny	vim
neovim	neovim
emacs	emacs
most	most

# Web servers / proxies
nginx	nginx
nginx-common	nginx
nginx-full	nginx
nginx-extras	nginx
nginx-light	nginx
nginx-doc	nginx-doc
apache2	apacheHttpd
apache2-bin	apacheHttpd
apache2-utils	apacheHttpd
libapache2-mod-php	apacheHttpd
libapache2-mod-wsgi-py3	apacheHttpd

# PHP (nixpkgs php includes common extensions built-in)
php	php
php-cli	php
php-common	php
php-fpm	php
php-dev	php
php-all-dev	php
php-bcmath	php	extension built into php
php-curl	php	extension built into php
php-gd	php	extension built into php
php-intl	php	extension built into php
php-json	php	extension built into php
php-mbstring	php	extension built into php
php-mysql	php	extension built into php
php-pgsql	php	extension built into php
php-sqlite3	php	extension built into php
php-xml	php	extension built into php
php-zip	php	extension built into php
php-pear	php
php-redis	php
php-memcached	php
php-imagick	php
php-soap	php
php-ldap	php
php-imap	php
php-net-ftp	php
php-tokenizer	php
php-date	php

# Container / init tools
tini	tini
catatonit	catatonit
gosu	_skip_	container-specific privilege tool
patchelf	patchelf

# Docker ecosystem
docker-ce	docker
docker-ce-cli	docker-client
docker-buildx-plugin	docker-buildx
containerd.io	containerd
docker-compose-plugin	docker-compose

# System utilities (apt-specific)
apt-utils	_skip_	apt internal tooling
systemd-standalone-sysusers	_skip_	container-specific systemd stub

# Mastodon / Ruby app runtime libs
libexpat1	expat
libexpat1-dev	expat
libicu-dev	icu
libicu76	icu
libidn-dev	libidn
libidn12	libidn
libidn11	libidn
libgdbm-dev	gdbm
shared-mime-info	shared-mime-info
liblcms2-dev	lcms2
liblcms2-2	lcms2
libspng-dev	libspng
libspng0	libspng
libjpeg62-turbo	libjpeg
libjpeg62-turbo-dev	libjpeg
libjemalloc2	jemalloc
libjemalloc-dev	jemalloc
libnss-wrapper	nss_wrapper

# Video / codec libraries
libx264-dev	x264
libx264-164	x264
libx265-dev	x265
libx265-215	x265
libvpx-dev	libvpx
libvpx9	libvpx
libdav1d-dev	dav1d
libdav1d7	dav1d
libtheora-dev	libtheora
libtheora0	libtheora
libmp3lame-dev	lame
libmp3lame0	lame
libopencore-amrnb-dev	opencore-amr
libopencore-amrnb0	opencore-amr
libopencore-amrwb-dev	opencore-amr
libopencore-amrwb0	opencore-amr

# Browsers / testing
chromium	chromium
chromium-driver	chromedriver	apt name differs from nixpkgs
google-chrome-stable	chromium

# XML security
libxmlsec1	xmlsec
libxmlsec1-dev	xmlsec

# Gettext variants
gettext-base	gettext	base variant maps to same package

# Compression (filling gaps; xz-utils already in Core utilities above)
zstd	zstd

# OCR / document processing
tesseract-ocr	tesseract
tesseract-ocr-eng	tesseract	language data included in tesseract
tesseract-ocr-deu	tesseract	language data included in tesseract
tesseract-ocr-fra	tesseract	language data included in tesseract
tesseract-ocr-ita	tesseract	language data included in tesseract
tesseract-ocr-spa	tesseract	language data included in tesseract
tesseract-ocr-jpn	tesseract	language data included in tesseract
tesseract-ocr-chi-sim	tesseract	language data included in tesseract
tesseract-ocr-por	tesseract	language data included in tesseract
tesseract-ocr-nld	tesseract	language data included in tesseract
unpaper	unpaper
qpdf	qpdf
poppler-utils	poppler_utils
jbig2dec	jbig2dec
pngquant	pngquant
libzbar0	zbar
libzbar-dev	zbar

# Fonts
fonts-liberation	liberation_ttf
fonts-dejavu	dejavu_fonts
fonts-dejavu-core	dejavu_fonts

# MIME / file type detection
media-types	mailcap
libmagic1	file	libmagic is part of file package
libmagic-dev	file

# Image processing
libvips	vips
libvips-dev	vips
libvips42	vips

# Certificates / TLS
certbot	certbot
python3-certbot	certbot

# Runtime libraries (non-dev)
zlib1g	zlib
libxslt1.1	libxslt
libyaml-0-2	libyaml
libldap-common	openldap

# Misc tools
graphviz	graphviz
ffmpeg	ffmpeg
imagemagick	imagemagick
ghostscript	ghostscript
pandoc	pandoc
shellcheck	shellcheck
tmux	tmux
screen	screen
expect	expect
dialog	dialog
bc	bc
dc	bc
dos2unix	dos2unix
entr	entr
parallel	parallel
pv	pv
pigz	pigz
pbzip2	pbzip2
pixz	pixz
ripgrep	ripgrep
fd-find	fd
bat	bat
exa	eza
fzf	fzf
direnv	direnv
watchman	watchman
